Command: C:\Espressif\python_env\idf5.5_py3.11_env\Scripts\python.exe C:\Users\nnarat\esp\v5.5.1\esp-idf\tools/idf_monitor.py -p COM3 -b 115200 --toolchain-prefix xtensa-esp32-elf- --target esp32 --revision 0 D:\lab10-196\LED_Flash_with_component\build\LED_Flash_with_component.elf D:\lab10-196\LED_Flash_with_component\build\bootloader\bootloader.elf --force-color -m 'C:\Espressif\python_env\idf5.5_py3.11_env\Scripts\python.exe' 'C:\Users\nnarat\esp\v5.5.1\esp-idf\tools\idf.py' '-p' 'COM3'
et"%=5
[0;32mI (41) boot.esp32: SPI Flash Size : 2MB[0m
I (44ï¿½ets Jun  8 2016 00:22:57

rst:0x1 (POWERON_RESET),boot:0x13 (SPI_FAST_FLASH_BOOT)
configsip: 0, SPIWP:0xee
clk_drv:0x00,q_drv:0x00,d_drv:0x00,cs0_drv:0x00,hd_drv:0x00,wp_drv:0x00
mode:DIO, clock div:2
load:0x3fff0030,len:6380
ho 0 tail 12 room 4
load:0x40078000,len:15916
load:0x40080400,len:3860
entry 0x40080638
[0;32mI (29) boot: ESP-IDF v5.5.1 2nd stage bootloader[0m
[0;32mI (29) boot: compile time Sep 19 2025 17:50:42[0m
[0;32mI (29) boot: Multicore bootloader[0m
[0;32mI (31) boot: chip revision: v1.0[0m
[0;32mI (33) boot.esp32: SPI Speed      : 40MHz[0m
[0;32mI (37) boot.esp32: SPI Mode       : DIO[0m
[0;32mI (41) boot.esp32: SPI Flash Size : 2MB[0m
[0;32mI (44) boot: Enabling RNG early entropy source...[0m
[0;32mI (49) boot: Partition Table:[0m
[0;32mI (51) boot: ## Label            Usage          Type ST Offset   Length[0m
[0;32mI (58) boot:  0 nvs              WiFi data        01 02 00009000 00006000[0m
[0;32mI (64) boot:  1 phy_init         RF data          01 01 0000f000 00001000[0m
[0;32mI (71) boot:  2 factory          factory app      00 00 00010000 00100000[0m
[0;32mI (77) boot: End of partition table[0m
[0;32mI (81) esp_image: segment 0: paddr=00010020 vaddr=3f400020 size=09cbch ( 40124) map[0m
[0;32mI (102) esp_image: segment 1: paddr=00019ce4 vaddr=3ffb0000 size=02418h (  9240) load[0m
[0;32mI (105) esp_image: segment 2: paddr=0001c104 vaddr=40080000 size=03f14h ( 16148) load[0m
[0;32mI (112) esp_image: segment 3: paddr=00020020 vaddr=400d0020 size=13d14h ( 81172) map[0m
[0;32mI (141) esp_image: segment 4: paddr=00033d3c vaddr=40083f14 size=0909ch ( 37020) load[0m
[0;32mI (156) esp_image: segment 5: paddr=0003cde0 vaddr=50000000 size=00020h (    32) load[0m
[0;32mI (162) boot: Loaded app from partition at offset 0x10000[0m
[0;32mI (162) boot: Disabling RNG early entropy source...[0m
[0;32mI (174) cpu_start: Multicore app[0m
[0;32mI (182) cpu_start: Pro cpu start user code[0m
[0;32mI (182) cpu_start: cpu freq: 160000000 Hz[0m
[0;32mI (182) app_init: Application information:[0m
[0;32mI (182) app_init: Project name:     LED_Flash_with_component[0m
[0;32mI (188) app_init: App version:      cce500f-dirty[0m
[0;32mI (192) app_init: Compile time:     Sep 19 2025 17:59:03[0m
[0;32mI (197) app_init: ELF file SHA256:  b3ec0b326...[0m
[0;32mI (201) app_init: ESP-IDF:          v5.5.1[0m
[0;32mI (205) efuse_init: Min chip rev:     v0.0[0m
[0;32mI (209) efuse_init: Max chip rev:     v3.99 [0m
[0;32mI (213) efuse_init: Chip rev:         v1.0[0m
[0;32mI (217) heap_init: Initializing. RAM available for dynamic allocation:[0m
[0;32mI (223) heap_init: At 3FFAE6E0 len 00001920 (6 KiB): DRAM[0m
[0;32mI (228) heap_init: At 3FFB2D00 len 0002D300 (180 KiB): DRAM[0m
[0;32mI (233) heap_init: At 3FFE0440 len 00003AE0 (14 KiB): D/IRAM[0m
[0;32mI (239) heap_init: At 3FFE4350 len 0001BCB0 (111 KiB): D/IRAM[0m
[0;32mI (244) heap_init: At 4008CFB0 len 00013050 (76 KiB): IRAM[0m
[0;32mI (251) spi_flash: detected chip: generic[0m
[0;32mI (253) spi_flash: flash io: dio[0m
[0;33mW (256) spi_flash: Detected size(4096k) larger than the size in the binary image header(2048k). Using the size in the binary image header.[0m
[0;32mI (269) main_task: Started on CPU0[0m
[0;32mI (279) main_task: Calling app_main()[0m
*.......
.*......
..*.....
...*....
....*...
.....*..
......*.
.......*
*......*
.*....*.
..*..*..
...**...
...**...
...**...
..*..*..
.*....*.
*......*
*.......
.*......
..*.....
...*....
....*...
.....*..
......*.
.......*
......*.
.....*..
....*...
...*....
..*.....
.*......
*.......
.*......
..*.....
...*....
....*...
.....*..
......*.
.......*
*......*
.*....*.
..*..*..
...**...
...**...
...**...
..*..*..
.*....*.
*......*
*.......
.*......
..*.....
...*....
....*...
.....*..
......*.
.......*
......*.
.....*..
....*...
...*....
..*.....
.*......
*.......
.*......
..*.....
...*....
....*...
.....*..
......*.
.......*
*......*
.*....*.
..*..*..
...**...
...**...
...**...
..*..*..
.*....*.
*......*
*.......
.*......
..*.....
...*....
....*...
.....*..
......*.
.......*
......*.
.....*..
....*...
...*....
..*.....
.*......
*.......
.*......
..*.....
...*....
....*...
.....*..
......*.
.......*
*......*
.*....*.
..*..*..
...**...
...**...
...**...
..*..*..
.*....*.
*......*
*.......
.*......
..*.....
...*....
....*...
.....*..
......*.
.......*
......*.
.....*..
....*...
...*....
..*.....
.*......
*.......
.*......
..*.....
...*....
....*...
.....*..
......*.
.......*
*......*
.*....*.
..*..*..
...**...
...**...
...**...
..*..*..
.*....*.
*......*
*.......
.*......
..*.....
...*....
....*...
.....*..
......*.
.......*
......*.
.....*..
....*...
...*....
..*.....
.*......
*.......
.*......
..*.....
...*....
....*...
.....*..
......*.
.......*
*......*
.*....*.
..*..*..
...**...
...**...
...**...
..*..*..
.*....*.
*......*
*.......
.*......
..*.....
...*....
....*...
.....*..
......*.
.......*
......*.
.....*..
....*...
...*....
..*.....
.*......
*.......
.*......
..*.....
...*....
....*...
.....*..
......*.
.......*
*......*
.*....*.
..*..*..
...**...
...**...
...**...
..*..*..
.*....*.
*......*
*.......
.*......
..*.....
...*....
....*...
.....*..
......*.
.......*
......*.
.....*..
....*...
...*....
..*.....
.*......
*.......
.*......
..*.....
...*....
....*...
.....*..
......*.
.......*
*......*
.*....*.
..*..*..
...**...
...**...
...**...
..*..*..
.*....*.
*......*
*.......
.*......
..*.....
...*....
....*...
.....*..
......*.
.......*
......*.
.....*..
....*...
...*....
..*.....
.*......
*.......
.*......
..*.....
...*....
....*...
.....*..
......*.
.......*
*......*
.*....*.
..*..*..
...**...
...**...
...**...
..*..*..
.*....*.
*......*
*.......
.*......
..*.....
...*....
....*...
.....*..
......*.
.......*
......*.
.....*..
....*...
...*....
..*.....
.*......
*.......
.*......
..*.....
...*....
....*...
.....*..
......*.
.......*
*......*
.*....*.
..*..*..
...**...
...**...
...**...
..*..*..
.*....*.
*......*
*.......
.*......
..*.....
...*....
....*...
.....*..
......*.
.......*
......*.
.....*..
....*...
...*....
..*.....
.*......
*.......
.*......
..*.....
...*....
....*...
.....*..
......*.
.......*
*......*
.*....*.
..*..*..
...**...
...**...
...**...
..*..*..
.*....*.
*......*
*.......
.*......
..*.....
...*....
....*...
.....*..
......*.
.......*
......*.
.....*..
....*...
...*....
..*.....
.*......
*.......
.*......
..*.....
...*....
....*...
.....*..
......*.
.......*
*......*
.*....*.
..*..*..
...**...
...**...
...**...
..*..*..
.*....*.
*......*
*.......
.*......
..*.....
...*....
....*...
.....*..
......*.
.......*
......*.
.....*..
....*...
...*....
..*.....
.*......
*.......
.*......
..*.....
...*....
....*...
.....*..
......*.
.......*
*......*
.*....*.
..*..*..
...**...
...**...
...**...
..*..*..
.*....*.
*......*
*.......
.*......
..*.....
...*....
....*...
.....*..
......*.
.......*
......*.
.....*..
....*...
...*....
..*.....
.*......
*.......
.*......
..*.....
...*....
....*...
.....*..
......*.
.......*
*......*
.*....*.
..*..*..
...**...
...**...
...**...
..*..*..
.*....*.
*......*
*.......
.*......
..*.....
...*....
....*...
.....*..
......*.
.......*
......*.
.....*..
....*...
...*....
..*.....
.*......
*.......
.*......
..*.....
...*....
....*...
.....*..
......*.
.......*
*......*
.*....*.
..*..*..
...**...
...**...
...**...
..*..*..
.*....*.
*......*
*.......
.*......
..*.....
...*....
....*...
.....*..
......*.
.......*
......*.
.....*..
....*...
...*....
..*.....
.*......
*.......
.*......
..*.....
...*....
....*...
.....*..
......*.
.......*
*......*
.*....*.
..*..*..
...**...
...**...
...**...
..*..*..
.*....*.
*......*
*.......
.*......
..*.....
...*....
....*...
.....*..
